Script started on Wed 24 Jun 2015 05:50:17 PM UTC
[hadoop@t1 nagios]$ sudo rpm -Uvh http://download.fedoraproject.org/pub/epel/6/
i386/epel-release-6-8.noarch.rpm
Retrieving http://download.fedoraproject.org/pub/epel/6/i386/epel-release-6-8.noarch.rpm
Preparing...                                                            (100%)#                                           (100%)##                                          (100%)###                                         (100%)####                                        (100%)#####                                       (100%)######                                      (100%)#######                                     (100%)########                                    (100%)#########                                   (100%)##########                                  (100%)###########                                 (100%)############                                (100%)#############                               (100%)##############                              (100%)###############                             (100%)################                            (100%)#################                           (100%)##################                          (100%)###################                         (100%)####################                        (100%)#####################                       (100%)######################                      (100%)#######################                     (100%)########################                    (100%)#########################                   (100%)##########################                  (100%)###########################                 (100%)############################                (100%)#############################               (100%)##############################              (100%)###############################             (100%)################################            (100%)#################################           (100%)##################################          (100%)###################################         (100%)####################################        (100%)#####################################       (100%)######################################      (100%)#######################################     (100%)########################################    (100%)#########################################   (100%)##########################################  (100%)########################################### (100%)########################################### [100%]
	package epel-release-6-8.noarch is already installed
[hadoop@t1 nagios]$ sudo yum --enablerepo=epel -y install nrpe nagios-plugins
Loaded plugins: fastestmirror, refresh-packagekit, security
Setting up Install Process
Loading mirror speeds from cached hostfile
epel/metalink                                            | 2.4 kB     00:00     
 * epel: ftp.cuhk.edu.hk
 * rpmforge: mirror.fairway.ne.jp
base                                                     | 3.7 kB     00:00     
epel                                                     | 4.4 kB     00:00     
epel/primary_db            0% [               ]  0.0 B/s |  28 kB     --:-- ETA epel/primary_db            1% [               ] 130 kB/s | 108 kB     00:51 ETA epel/primary_db            5% [-              ] 169 kB/s | 340 kB     00:38 ETA epel/primary_db           10% [=-             ] 233 kB/s | 716 kB     00:25 ETA epel/primary_db           18% [==-            ] 320 kB/s | 1.2 MB     00:17 ETA epel/primary_db           27% [====           ] 426 kB/s | 1.8 MB     00:11 ETA epel/primary_db           37% [=====-         ] 531 kB/s | 2.5 MB     00:08 ETA epel/primary_db           47% [=======        ] 642 kB/s | 3.2 MB     00:05 ETA epel/primary_db           56% [========       ] 716 kB/s | 3.7 MB     00:04 ETA epel/primary_db           67% [==========     ] 822 kB/s | 4.4 MB     00:02 ETA epel/primary_db           78% [===========-   ] 921 kB/s | 5.2 MB     00:01 ETA epel/primary_db           89% [=============  ] 1.0 MB/s | 5.9 MB     00:00 ETA epel/primary_db                                          | 6.6 MB     00:04     
extras                                                   | 3.4 kB     00:00     
rpmforge                                                 | 1.9 kB     00:00     
Not using downloaded repomd.xml because it is older than what we have:
  Current   : Fri Jul 11 01:46:59 2014
  Downloaded: Wed Jul 25 01:43:04 2012
updates                                                  | 3.4 kB     00:00     
updates/primary_db        87% [=============  ]  0.0 B/s | 3.4 MB     --:-- ETA updates/primary_db                                       | 3.8 MB     00:00     
Package nrpe is obsoleted by nagios-nrpe, trying to install nagios-nrpe-2.14-1.el6.rf.x86_64 instead
Resolving Dependencies
--> Running transaction check
---> Package nagios-nrpe.x86_64 0:2.14-1.el6.rf will be installed
---> Package nagios-plugins.x86_64 0:1.4.16-10.el6 will be installed
--> Processing Dependency: nagios-common >= 3.3.1-1 for package: nagios-plugins-1.4.16-10.el6.x86_64
--> Running transaction check
---> Package nagios-common.x86_64 0:3.5.1-1.el6 will be installed
--> Finished Dependency Resolution

Dependencies Resolved

================================================================================
 Package               Arch          Version              Repository       Size
================================================================================
Installing:
 nagios-nrpe           x86_64        2.14-1.el6.rf        rpmforge         34 k
 nagios-plugins        x86_64        1.4.16-10.el6        epel            200 k
Installing for dependencies:
 nagios-common         x86_64        3.5.1-1.el6          epel             17 k

Transaction Summary
================================================================================
Install       3 Package(s)

Total download size: 251 k
Installed size: 1.0 M
Downloading Packages:
(1/3): nagios-common-3.5.1-1.el6.x86_64.rpm              |  17 kB     00:00     
http://mirror.fairway.ne.jp/dag/redhat/el6/en/x86_64/rpmforge/RPMS/nagios-nrpe-2.14-1.el6.rf.x86_64.rpm: [Errno 14] PYCURL ERROR 22 - "The requested URL returned error: 404 Not Found"
Trying other mirror.
(2/3): nagios-nrpe-2.1 (8%) 15% [=-           ]  0.0 B/s | 5.2 kB     --:-- ETA (2/3): nagios-nrpe-2.1 (10%) 23% [==-         ] 4.3 kB/s | 7.8 kB     00:06 ETA (2/3): nagios-nrpe-2.1 (13%) 47% [=====-      ] 5.6 kB/s |  16 kB     00:03 ETA (2/3): nagios-nrpe-2.1 (17%) 79% [=========-  ] 7.4 kB/s |  27 kB     00:00 ETA (2/3): nagios-nrpe-2.14-1.el6.rf.x86_64.rpm              |  34 kB     00:01     
(3/3): nagios-plugins- (29%) 11% [=           ]  0.0 B/s |  22 kB     --:-- ETA (3/3): nagios-plugins- (63%) 54% [======-     ] 141 kB/s | 109 kB     00:00 ETA (3/3): nagios-plugins-1.4.16-10.el6.x86_64.rpm           | 200 kB     00:00     
--------------------------------------------------------------------------------
Total                                            63 kB/s | 251 kB     00:03     
Running rpm_check_debug
Running Transaction Test
Transaction Test Succeeded
Running Transaction
  Installing : nagios-common-3.5.1-1.el6.x8 [#####                        ] 1/3  Installing : nagios-common-3.5.1-1.el6.x8 [###########                  ] 1/3  Installing : nagios-common-3.5.1-1.el6.x8 [#################            ] 1/3  Installing : nagios-common-3.5.1-1.el6.x8 [#######################      ] 1/3  Installing : nagios-common-3.5.1-1.el6.x86_64                             1/3 
  Installing : nagios-plugins-1.4.16-10.el6 [#                            ] 2/3  Installing : nagios-plugins-1.4.16-10.el6 [##                           ] 2/3  Installing : nagios-plugins-1.4.16-10.el6 [###                          ] 2/3  Installing : nagios-plugins-1.4.16-10.el6 [#####                        ] 2/3  Installing : nagios-plugins-1.4.16-10.el6 [#######                      ] 2/3  Installing : nagios-plugins-1.4.16-10.el6 [#########                    ] 2/3  Installing : nagios-plugins-1.4.16-10.el6 [###########                  ] 2/3  Installing : nagios-plugins-1.4.16-10.el6 [#############                ] 2/3  Installing : nagios-plugins-1.4.16-10.el6 [###############              ] 2/3  Installing : nagios-plugins-1.4.16-10.el6 [#################            ] 2/3  Installing : nagios-plugins-1.4.16-10.el6 [###################          ] 2/3  Installing : nagios-plugins-1.4.16-10.el6 [#####################        ] 2/3  Installing : nagios-plugins-1.4.16-10.el6 [#######################      ] 2/3  Installing : nagios-plugins-1.4.16-10.el6 [########################     ] 2/3  Installing : nagios-plugins-1.4.16-10.el6 [#########################    ] 2/3  Installing : nagios-plugins-1.4.16-10.el6 [###########################  ] 2/3  Installing : nagios-plugins-1.4.16-10.el6 [############################ ] 2/3  Installing : nagios-plugins-1.4.16-10.el6.x86_64                          2/3 
  Installing : nagios-nrpe-2.14-1.el6.rf.x8 [                             ] 3/3  Installing : nagios-nrpe-2.14-1.el6.rf.x8 [##                           ] 3/3  Installing : nagios-nrpe-2.14-1.el6.rf.x8 [###                          ] 3/3  Installing : nagios-nrpe-2.14-1.el6.rf.x8 [######################       ] 3/3  Installing : nagios-nrpe-2.14-1.el6.rf.x8 [##########################   ] 3/3  Installing : nagios-nrpe-2.14-1.el6.rf.x8 [############################ ] 3/3  Installing : nagios-nrpe-2.14-1.el6.rf.x86_64                             3/3 
  Verifying  : nagios-nrpe-2.14-1.el6.rf.x86_64                             1/3 
  Verifying  : nagios-plugins-1.4.16-10.el6.x86_64                          2/3 
  Verifying  : nagios-common-3.5.1-1.el6.x86_64                             3/3 

Installed:
  nagios-nrpe.x86_64 0:2.14-1.el6.rf    nagios-plugins.x86_64 0:1.4.16-10.el6   

Dependency Installed:
  nagios-common.x86_64 0:3.5.1-1.el6                                            

Complete!
[hadoop@t1 nagios]$ sudo yum --enablerepo=epel -y list nagios-plugins\*
Loaded plugins: fastestmirror, refresh-packagekit, security
Loading mirror speeds from cached hostfile
 * epel: ftp.cuhk.edu.hk
 * rpmforge: mirror.fairway.ne.jp
Installed Packages
nagios-plugins.x86_64                         1.4.16-10.el6             @epel   
Available Packages
nagios-plugins-all.x86_64                     1.4.16-10.el6             epel    
nagios-plugins-apt.x86_64                     1.4.16-10.el6             epel    
nagios-plugins-bdii.x86_64                    1.0.14-1.el6              epel    
nagios-plugins-bonding.x86_64                 1.4-3.el6                 epel    
nagios-plugins-breeze.x86_64                  1.4.16-10.el6             epel    
nagios-plugins-by_ssh.x86_64                  1.4.16-10.el6             epel    
nagios-plugins-check-updates.x86_64           1.6.9-1.el6               epel    
nagios-plugins-cluster.x86_64                 1.4.16-10.el6             epel    
nagios-plugins-dhcp.x86_64                    1.4.16-10.el6             epel    
nagios-plugins-dig.x86_64                     1.4.16-10.el6             epel    
nagios-plugins-disk.x86_64                    1.4.16-10.el6             epel    
nagios-plugins-disk_smb.x86_64                1.4.16-10.el6             epel    
nagios-plugins-dns.x86_64                     1.4.16-10.el6             epel    
nagios-plugins-dpm-disk.x86_64                0.9.5-1.el6               epel    
nagios-plugins-dpm-head.x86_64                0.9.5-1.el6               epel    
nagios-plugins-dummy.x86_64                   1.4.16-10.el6             epel    
nagios-plugins-file_age.x86_64                1.4.16-10.el6             epel    
nagios-plugins-flexlm.x86_64                  1.4.16-10.el6             epel    
nagios-plugins-fping.x86_64                   1.4.16-10.el6             epel    
nagios-plugins-fts.noarch                     3.2.0-1.el6               epel    
nagios-plugins-game.x86_64                    1.4.16-10.el6             epel    
nagios-plugins-hpjd.x86_64                    1.4.16-10.el6             epel    
nagios-plugins-http.x86_64                    1.4.16-10.el6             epel    
nagios-plugins-icmp.x86_64                    1.4.16-10.el6             epel    
nagios-plugins-ide_smart.x86_64               1.4.16-10.el6             epel    
nagios-plugins-ifoperstatus.x86_64            1.4.16-10.el6             epel    
nagios-plugins-ifstatus.x86_64                1.4.16-10.el6             epel    
nagios-plugins-ircd.x86_64                    1.4.16-10.el6             epel    
nagios-plugins-lcgdm.x86_64                   0.9.5-1.el6               epel    
nagios-plugins-lcgdm-common.x86_64            0.9.5-1.el6               epel    
nagios-plugins-ldap.x86_64                    1.4.16-10.el6             epel    
nagios-plugins-lfc.x86_64                     0.9.5-1.el6               epel    
nagios-plugins-linux_raid.x86_64              1.4.16-10.el6             epel    
nagios-plugins-load.x86_64                    1.4.16-10.el6             epel    
nagios-plugins-log.x86_64                     1.4.16-10.el6             epel    
nagios-plugins-mailq.x86_64                   1.4.16-10.el6             epel    
nagios-plugins-mrtg.x86_64                    1.4.16-10.el6             epel    
nagios-plugins-mrtgtraf.x86_64                1.4.16-10.el6             epel    
nagios-plugins-mysql.x86_64                   1.4.16-10.el6             epel    
nagios-plugins-nagios.x86_64                  1.4.16-10.el6             epel    
nagios-plugins-nrpe.x86_64                    2.15-2.el6                epel    
nagios-plugins-nt.x86_64                      1.4.16-10.el6             epel    
nagios-plugins-ntp.x86_64                     1.4.16-10.el6             epel    
nagios-plugins-ntp-perl.x86_64                1.4.16-10.el6             epel    
nagios-plugins-nwstat.x86_64                  1.4.16-10.el6             epel    
nagios-plugins-openmanage.x86_64              3.7.12-1.el6              epel    
nagios-plugins-oracle.x86_64                  1.4.16-10.el6             epel    
nagios-plugins-overcr.x86_64                  1.4.16-10.el6             epel    
nagios-plugins-perl.x86_64                    1.4.16-10.el6             epel    
nagios-plugins-pgsql.x86_64                   1.4.16-10.el6             epel    
nagios-plugins-ping.x86_64                    1.4.16-10.el6             epel    
nagios-plugins-procs.x86_64                   1.4.16-10.el6             epel    
nagios-plugins-radius.x86_64                  1.4.16-10.el6             epel    
nagios-plugins-real.x86_64                    1.4.16-10.el6             epel    
nagios-plugins-rhev.noarch                    1.0.0-2.el6               epel    
nagios-plugins-rpc.x86_64                     1.4.16-10.el6             epel    
nagios-plugins-sensors.x86_64                 1.4.16-10.el6             epel    
nagios-plugins-setuid.x86_64                  1.4.16-1.el6.rf           rpmforge
nagios-plugins-smtp.x86_64                    1.4.16-10.el6             epel    
nagios-plugins-snmp.x86_64                    1.4.16-10.el6             epel    
nagios-plugins-ssh.x86_64                     1.4.16-10.el6             epel    
nagios-plugins-swap.x86_64                    1.4.16-10.el6             epel    
nagios-plugins-tcp.x86_64                     1.4.16-10.el6             epel    
nagios-plugins-time.x86_64                    1.4.16-10.el6             epel    
nagios-plugins-ups.x86_64                     1.4.16-10.el6             epel    
nagios-plugins-users.x86_64                   1.4.16-10.el6             epel    
nagios-plugins-wave.x86_64                    1.4.16-10.el6             epel    
[hadoop@t1 nagios]$ sudo vi /etc/nagios/nrpe.cfg 
7[?47h[27m[24m[0m[H[J[25;1H"/etc/nagios/nrpe.cfg" 235L, 7988C[1;1H#############################################################################
# Sample NRPE Config File
# Written by: Ethan Galstad (nagios@nagios.org)
#
# Last Modified: 11-23-2007
#
# NOTES:
# This is a sample configuration file for the NRPE daemon.  It needs to be
# located on the remote host that is running the NRPE daemon, not the host
# from which the check_nrpe client is being executed.
#############################################################################


# LOG FACILITY
# The syslog facility that should be used for logging purposes.

log_facility=daemon[21;1H# PID FILE
# The name of the file in which the NRPE daemon should write it's process ID
# number.  The file is only written if the NRPE daemon is started by the root
# user and is running in standalone mode.[1;1H[27m[24m[0m[H[J[1;1H# number.  The file is only written if the NRPE daemon is started by the root
# user and is running in standalone mode.

pid_file=/var/run/nrpe.pid[8;1H# PORT NUMBER
# Port number we should wait for connections on.
# NOTE: This must be a non-priviledged port (i.e. > 1024).
# NOTE: This option is ignored if NRPE is running under either inetd or xinetd

server_port=5666[17;1H# SERVER ADDRESS
# Address that nrpe should bind to in case there are more than one interface
# and you do not want nrpe to bind on all interfaces.
# NOTE: This option is ignored if NRPE is running under either inetd or xinetd

#server_address=127.0.0.1[1;1H[27m[24m[0m[H[J[4;1H# NRPE USER
# This determines the effective user that the NRPE daemon should run as.
# You can either supply a username or a UID.
#
# NOTE: This option is ignored if NRPE is running under either inetd or xinetd

nrpe_user=nagios[14;1H# NRPE GROUP
# This determines the effective group that the NRPE daemon should run as.
# You can either supply a group name or a GID.
#
# NOTE: This option is ignored if NRPE is running under either inetd or xinetd

nrpe_group=nagios[24;1H# ALLOWED HOST ADDRESSES[1;1H[25;1H/all[1;1H[2M[23;1H# This is an optional comma-delimited list of IP address or hostnames
# that are allowed to talk to the NRPE daemon. Network addresses with a bit mask[24;12H
/all[1;1H[6M[19;1H# (i.e. 192.168.1.0/24) are also supported. Hostname wildcards are not currently[21;1H# supported.
#
# Note: The daemon only does rudimentary checking of the client's IP
# address.  I would highly recommend adding entries in your /etc/hosts.allow
/all
[24;1H# file to allow only the specified host to connect to the port[24;11H
/all[1;1H[5M[20;1H# you are running this daemon on.
#
# NOTE: This option is ignored if NRPE is running under either inetd or xinetd

allowed_hosts=127.0.0.1allowed_hosts=127.0.0.
[1m-- INSERT --[24;24H[0m1,  110[24;27H[K[24;27H[24;26H[K[24;26H  1100..1100..1100..110[25;1H[K[24;36H
:w"/etc/nagios/nrpe.cfg" 235L, 8001C written[24;36H[25;1H[K[25;1H:x[25;1H[K[25;1H[2J[?47l8[hadoop@t1 nagios]$ grep allowed_hosts !$
grep allowed_hosts /etc/nagios/nrpe.cfg
allowed_hosts=127.0.0.1, 10.10.10.10
[hadoop@t1 nagios]$ !vi
vi rpmforge.sh 
7[?47h[27m[24m[0m[H[J[25;1H"rpmforge.sh" [New File][2;1H[1m[34m~                                                                               [3;1H~                                                                               [4;1H~                                                                               [5;1H~                                                                               [6;1H~                                                                               [7;1H~                                                                               [8;1H~                                                                               [9;1H~                                                                               [10;1H~                                                                               [11;1H~                                                                               [12;1H~                                                                               [13;1H~                                                                               [14;1H~                                                                               [15;1H~                                                                               [16;1H~                                                                               [17;1H~                                                                               [18;1H~                                                                               [19;1H~                                                                               [20;1H~                                                                               [21;1H~                                                                               [22;1H~                                                                               [23;1H~                                                                               [24;1H~                                                                               [0m[25;63H0,0-1[9CAll[1;1H[25;1H[K[25;1H:q[25;1H[K[25;1H[2J[?47l8[hadoop@t1 nagios]$ vi rpmforge.sh grep allowed_hosts /etc/nagios/nrpe.cfg[C[C[C[C[C[C[C[C[C[C[C[C[C[C[C[C[C[C[C[C[10Psudo vi /etc/nagios/nrpe.cfg 
7[?47h[27m[24m[0m[H[J[25;1H"/etc/nagios/nrpe.cfg" 235L, 8001C[1;1H#############################################################################
# Sample NRPE Config File
# Written by: Ethan Galstad (nagios@nagios.org)
#
# Last Modified: 11-23-2007
#
# NOTES:
# This is a sample configuration file for the NRPE daemon.  It needs to be
# located on the remote host that is running the NRPE daemon, not the host
# from which the check_nrpe client is being executed.
#############################################################################


# LOG FACILITY
# The syslog facility that should be used for logging purposes.

log_facility=daemon[21;1H# PID FILE
# The name of the file in which the NRPE daemon should write it's process ID
# number.  The file is only written if the NRPE daemon is started by the root
# user and is running in standalone mode.[1;1H[25;1H[K[25;1H/command[27m[24m[0m[H[J[1;1H# file to allow only the specified host to connect to the port
# you are running this daemon on.
#
# NOTE: This option is ignored if NRPE is running under either inetd or xinetd

allowed_hosts=127.0.0.1, 10.10.10.10[10;1H# COMMAND ARGUMENT PROCESSING
# This option determines whether or not the NRPE daemon will allow clients
# to specify arguments to commands that are executed.  This option only works
# if the daemon was configured with the --enable-command-args configure script
# option.
#
# *** ENABLING THIS OPTION IS A SECURITY RISK! ***
# Read the SECURITY file for information on some of the security implications
# of enabling this variable.
#
# Values: 0=do not allow arguments, 1=allow command arguments

dont_blame_nrpe=0[12;27H[25;1H/command[13;50H[25;1H[20;45H[25;1H[1;1H[4M[21;1H[K[22;1H# BASH COMMAND SUBTITUTION
# This option determines whether or not the NRPE daemon will allow clients
# to specify arguments that contain bash command substitutions of the form[24;42H
/command[1;1H[2M[23;1H# $(...).  This option only works if the daemon was configured with both
# the --enable-command-args and --enable-bash-command-substitution configure[24;16H
/command[24;47H
[1;1H[7M[18;1H# script options.
#
# *** ENABLING THIS OPTION IS A HIGH SECURITY RISK! ***
# Read the SECURITY file for information on some of the security implications
# of enabling this variable.
#
# Values: 0=do not allow bash command substitutions,[24;31H[27m[24m[0m[H[J[1;1H#
# Values: 0=do not allow bash command substitutions,
#[8C 1=allow bash command substitutions

allow_bash_command_substitution=0[9;1H# COMMAND PREFIX
# This option allows you to prefix all commands with a user-defined string.
# A space is automatically added between the specified prefix string and the
# command line from the command definition.
#
# *** THIS EXAMPLE MAY POSE A POTENTIAL SECURITY RISK, SO USE WITH CAUTION! ***
# Usage scenario:
# Execute restricted commmands using sudo.  For this to work, you need to add
# the nagios user to your /etc/sudoers.  An example entry for alllowing
# execution of the plugins from might be:
#
# nagios[9C ALL=(ALL) NOPASSWD: /usr/lib/nagios/plugins/
#
# This lets the nagios user run all commands in that directory (and only them)
# without asking for a password.  If you do this, make sure you don't give
# random users write access to that directory or its contents![1;1H[27m[24m[0m[H[J[1;1H# without asking for a password.  If you do this, make sure you don't give
# random users write access to that directory or its contents!

# command_prefix=/usr/bin/sudo[8;1H# DEBUGGING OPTION
# This option determines whether or not debugging messages are logged to the
# syslog facility.
# Values: 0=debugging off, 1=debugging on

debug=0[17;1H# COMMAND TIMEOUT
# This specifies the maximum number of seconds that the NRPE daemon will
# allow plugins to finish executing before killing them off.

command_timeout=60[1;1H[27m[24m[0m[H[J[3;1H# CONNECTION TIMEOUT
# This specifies the maximum number of seconds that the NRPE daemon will
# wait for a connection to be established before exiting. This is sometimes
# seen where a network problem stops the SSL being established even though
# all network sessions are connected. This causes the nrpe daemons to
# accumulate, eating system resources. Do not set this too low.

connection_timeout=300[14;1H# WEEK RANDOM SEED OPTION
# This directive allows you to use SSL even if your system does not have
# a /dev/random or /dev/urandom (on purpose or because the necessary patches
# were not applied). The random number generator will be seeded from a file
# which is either a file pointed to by the environment valiable $RANDFILE
# or $HOME/.rnd. If neither exists, the pseudo random number generator will
# be initialized and a warning will be issued.
# Values: 0=only seed from /dev/[u]random, 1=also seed from weak randomness

#allow_weak_random_seed=1[1;1H[27m[24m[0m[H[J[1;1H#allow_weak_random_seed=1[5;1H# INCLUDE CONFIG FILE
# This directive allows you to include definitions from an external config file.[8;1H#include=<somefile.cfg>[12;1H# INCLUDE CONFIG DIRECTORY
# This directive allows you to include definitions from config files (with a
# .cfg extension) in one or more directories (with recursion).

#include_dir=<somedirectory>
#include_dir=<someotherdirectory>[21;1H# COMMAND DEFINITIONS
# Command definitions that this daemon will run.  Definitions
# are in the following format:
#[1;1H[27m[24m[0m[H[J[1;1H# are in the following format:
#
# command[<command_name>]=<command_line>
#
# When the daemon receives a request to return the results of <command_name>
# it will execute the command specified by the <command_line> argument.
#
# Unlike Nagios, the command line cannot contain macros - it must be
# typed exactly as it should be executed.
#
# Note: Any plugins that are used in the command lines must reside
# on the machine that this daemon is running on!  The examples below
# assume that you have plugins installed in a /usr/local/nagios/libexec
# directory.  Also note that you will have to modify the definitions below
# to match the argument format the plugins expect.  Remember, these are
# examples only!


# The following examples use hardcoded command arguments...

command[check_users]=/usr/lib64/nagios/plugins/check_users -w 5 -c 10
command[check_load]=/usr/lib64/nagios/plugins/check_load -w 15,10,5 -c 30,25,20
command[check_hda1]=/usr/lib64/nagios/plugins/check_disk -w 20% -c 10% -p /dev/h[24;1Hda1[1;1H





















[1;1H[2M[23;1Hcommand[check_zombie_procs]=/usr/lib64/nagios/plugins/check_procs -w 5 -c 10 -s
Z[23;1H


[24;1Hcommand[check_total_procs]=/usr/lib64/nagios/plugins/check_procs -w 150 -c 200

[24;1H

[24;1H

[24;1H# The following examples allow user-supplied arguments and can

[24;1H# only be used if the NRPE daemon was compiled with support for

[24;1H# command arguments *AND* the dont_blame_nrpe directive in this

[24;1H# config file is set to '1'.  This poses a potential security risk, so

[24;1H# make sure you read the SECURITY file before doing this.[23;1H[22;1H[21;1H[20;1H[19;1H[18;1H[17;1H[15;1H





[25;1H:x[25;1H[K[25;1H[2J[?47l8[hadoop@t1 nagios]$ sudo service nrpe start
Starting Nagios NRPE daemon (nrpe): [60G[[0;32m  OK  [0;39m]
[hadoop@t1 nagios]$ sudo chkconfig npr[K[Krpe on
[hadoop@t1 nagios]$ ch[K[Ksudo chk[Keck_nrpe -H [K[K[K[K[K[K[K[K[K[K[K[K[K[K[K[K[K[K[Kexit

Script done on Wed 24 Jun 2015 05:56:22 PM UTC
